{
  "indentSize": 4,
  "tabSize": 4,
  "indentStyle": 2,
  "newLineCharacter": "\r\n",
  "convertTabsToSpaces": true,
  "insertSpaceAfterCommaDelimiter": false,
  "insertSpaceAfterSemicolonInForStatements": false,
  "insertSpaceBeforeAndAfterBinaryOperators": false,
  "insertSpaceAfterKeywordsInControlFlowStatements": true,
  "insertSpaceAfterFunctionKeywordForAnonymousFunctions": false,
  "insertSpaceAfterOpeningAndBeforeClosingNonemptyParenthesis": false,
  "insertSpaceAfterOpeningAndBeforeClosingNonemptyBrackets": false,
  "insertSpaceAfterOpeningAndBeforeClosingTemplateStringBraces": false,
  "placeOpenBraceOnNewLineForFunctions": false,
  "placeOpenBraceOnNewLineForControlBlocks": false
}