{
  "indentSize": 8,
  "tabSize": 8,
  "indentStyle": 2,
  "newLineCharacter": "/* \n */",
  "convertTabsToSpaces": false,
  "insertSpaceAfterCommaDelimiter": false,
  "insertSpaceAfterSemicolonInForStatements": false,
  "insertSpaceBeforeAndAfterBinaryOperators": false,
  "insertSpaceAfterKeywordsInControlFlowStatements": false,
  "insertSpaceAfterFunctionKeywordForAnonymousFunctions": true,
  "insertSpaceAfterOpeningAndBeforeClosingNonemptyParenthesis": true,
  "insertSpaceAfterOpeningAndBeforeClosingNonemptyBrackets": false,
  "insertSpaceAfterOpeningAndBeforeClosingTemplateStringBraces": false,
  "placeOpenBraceOnNewLineForFunctions": true,
  "placeOpenBraceOnNewLineForControlBlocks": true
}