{
  "indentSize": 4,
  "tabSize": 4,
  "indentStyle": 2,
  "newLineCharacter": "\r\n",
  "convertTabsToSpaces": true,
  "insertSpaceAfterCommaDelimiter": true,
  "insertSpaceAfterSemicolonInForStatements": true,
  "insertSpaceBeforeAndAfterBinaryOperators": true,
  "insertSpaceAfterKeywordsInControlFlowStatements": true,
  "insertSpaceAfterFunctionKeywordForAnonymousFunctions": true,
  "insertSpaceAfterOpeningAndBeforeClosingNonemptyParenthesis": true,
  "insertSpaceAfterOpeningAndBeforeClosingNonemptyBrackets": true,
  "insertSpaceAfterOpeningAndBeforeClosingTemplateStringBraces": true,
  "placeOpenBraceOnNewLineForFunctions": true,
  "placeOpenBraceOnNewLineForControlBlocks": true,
  "insertSpaceAfterOpeningAndBeforeClosingJsxExpressionBraces": true
}