{
  "indentSize": 4,
  "tabSize": 4,
  "indentStyle": 0,
  "newLineCharacter": "\n",
  "convertTabsToSpaces": false,
  "insertSpaceAfterCommaDelimiter": false,
  "insertSpaceAfterSemicolonInForStatements": false,
  "insertSpaceBeforeAndAfterBinaryOperators": false,
  "insertSpaceAfterKeywordsInControlFlowStatements": false,
  "insertSpaceAfterFunctionKeywordForAnonymousFunctions": true,
  "insertSpaceAfterOpeningAndBeforeClosingNonemptyParenthesis": true,
  "insertSpaceAfterOpeningAndBeforeClosingNonemptyBrackets": false,
  "insertSpaceAfterOpeningAndBeforeClosingTemplateStringBraces": false,
  "placeOpenBraceOnNewLineForFunctions": true,
  "placeOpenBraceOnNewLineForControlBlocks": true
}